../Core/Src/DMA_prog.c:6:6:M_DMA_void_Init	12	static
../Core/Src/DMA_prog.c:70:6:M_DMA_void_SendData	4	static
../Core/Src/DMA_prog.c:79:6:M_DMA_void_EnableDma	0	static
../Core/Src/DMA_prog.c:84:6:M_DMA_void_disableDma	0	static
../Core/Src/DMA_prog.c:88:4:M_DMA_u8_ReadTransferCompleteFlag	0	static
../Core/Src/DMA_prog.c:92:6:M_DMA_void_ClearTransferCompleteFlag	4	static
../Core/Src/DMA_prog.c:99:6:M_DMA_void_SetCallBack	0	static
../Core/Src/DMA_prog.c:104:6:DMA1_Channel1_IRQHandler	8	static
../Core/Src/DMA_prog.c:108:6:DMA1_Channel2_IRQHandler	8	static
../Core/Src/DMA_prog.c:112:6:DMA1_Channel3_IRQHandler	8	static
../Core/Src/DMA_prog.c:116:6:DMA1_Channel4_IRQHandler	8	static
../Core/Src/DMA_prog.c:120:6:DMA1_Channel5_IRQHandler	8	static
../Core/Src/DMA_prog.c:124:6:DMA1_Channel6_IRQHandler	8	static
../Core/Src/DMA_prog.c:128:6:DMA1_Channel7_IRQHandler	8	static
